******************************************************************************
             TMS320C2000 Linker PC v22.6.3                     
******************************************************************************
>> Linked Fri May 29 15:05:09 2026

OUTPUT FILE NAME:   <ind_mach.out>
ENTRY POINT SYMBOL: "code_start"  address: 00000000


MEMORY CONFIGURATION

         name            origin    length      used     unused   attr    fill
----------------------  --------  ---------  --------  --------  ----  --------
PAGE 0:
  BEGIN                 00000000   00000002  00000002  00000000  RWIX
  RAMM0                 00000123   000002dd  00000024  000002b9  RWIX
  RAMLS0                00008000   00000800  00000800  00000000  RWIX
  RAMLS1                00008800   00000800  0000022b  000005d5  RWIX
  RAMLS2                00009000   00000800  00000000  00000800  RWIX
  RAMLS3                00009800   00000800  00000000  00000800  RWIX
  RAMLS4                0000a000   00000800  00000000  00000800  RWIX
  RAMD0                 0000b000   00000800  000007fe  00000002  RWIX
  FLASHA                00080002   00001ffe  00000000  00001ffe  RWIX
  FLASHB                00082000   00002000  00000000  00002000  RWIX
  FLASHC                00084000   00002000  00000000  00002000  RWIX
  FLASHD                00086000   00002000  00000000  00002000  RWIX
  FLASHE                00088000   00008000  00000000  00008000  RWIX
  FLASHF                00090000   00008000  00000000  00008000  RWIX
  FLASHG                00098000   00008000  00000000  00008000  RWIX
  FLASHH                000a0000   00008000  00000000  00008000  RWIX
  FLASHI                000a8000   00008000  00000000  00008000  RWIX
  FLASHJ                000b0000   00008000  00000000  00008000  RWIX
  FLASHK                000b8000   00002000  00000000  00002000  RWIX
  FLASHL                000ba000   00002000  00000000  00002000  RWIX
  FLASHM                000bc000   00002000  00000000  00002000  RWIX
  FLASHN                000be000   00001ff0  00000000  00001ff0  RWIX
  RESET                 003fffc0   00000002  00000000  00000002  RWIX

PAGE 1:
  BOOT_RSVD             00000002   00000121  00000000  00000121  RWIX
  RAMM1                 00000400   000003f8  00000100  000002f8  RWIX
  RAMLS5                0000a800   00000800  000002a6  0000055a  RWIX
  RAMD1                 0000b800   00000800  00000000  00000800  RWIX
  RAMGS0                0000c000   00001000  00000000  00001000  RWIX
  RAMGS1                0000d000   00001000  00000000  00001000  RWIX
  RAMGS2                0000e000   00001000  00000000  00001000  RWIX
  RAMGS3                0000f000   00001000  00000000  00001000  RWIX
  RAMGS4                00010000   00001000  00000000  00001000  RWIX
  RAMGS5                00011000   00001000  00000000  00001000  RWIX
  RAMGS6                00012000   00001000  00000000  00001000  RWIX
  RAMGS7                00013000   00001000  00000000  00001000  RWIX
  RAMGS8                00014000   00001000  00000000  00001000  RWIX
  RAMGS9                00015000   00001000  00000000  00001000  RWIX
  RAMGS10               00016000   00001000  00000000  00001000  RWIX
  RAMGS11               00017000   00001000  00000000  00001000  RWIX
  RAMGS12               00018000   00001000  00000000  00001000  RWIX
  RAMGS13               00019000   00001000  00000000  00001000  RWIX
  RAMGS14               0001a000   00001000  00000000  00001000  RWIX
  RAMGS15               0001b000   00000ff8  00000000  00000ff8  RWIX
  CPU2TOCPU1RAM         0003f800   00000400  00000000  00000400  RWIX
  CPU1TOCPU2RAM         0003fc00   00000400  00000000  00000400  RWIX
  CANA_MSG_RAM          00049000   00000800  00000000  00000800  RWIX
  CANB_MSG_RAM          0004b000   00000800  00000000  00000800  RWIX


SECTION ALLOCATION MAP

 output                                  attributes/
section   page    origin      length       input sections
--------  ----  ----------  ----------   ----------------
codestart 
*          0    00000000    00000002     
                  00000000    00000002     F2837xD_CodeStartBranch.obj (codestart)

.cinit     0    00000128    00000020     
                  00000128    0000000e     (.cinit..data.load) [load image, compression = lzss]
                  00000136    00000006     (__TI_handler_table)
                  0000013c    00000004     (.cinit..bss.load) [load image, compression = zero_init]
                  00000140    00000008     (__TI_cinit_table)

.reset     0    003fffc0    00000000     DSECT

.stack     1    00000400    00000100     UNINITIALIZED
                  00000400    00000100     --HOLE--

.bss       1    0000aa9e    00000008     UNINITIALIZED
                  0000aa9e    00000008     asinhroni_motor.obj (.bss)

.init_array 
*          0    00000123    00000000     UNINITIALIZED

.const     1    0000a800    0000027c     
                  0000a800    000000c2     driverlib_eabi.lib : sysctl.obj (.const:.string)
                  0000a8c2    000000bc                        : gpio.obj (.const:.string)
                  0000a97e    00000089     asinhroni_motor.obj (.const:.string)
                  0000aa07    00000001     --HOLE-- [fill = 0]
                  0000aa08    0000005d     driverlib_eabi.lib : adc.obj (.const:.string)
                  0000aa65    00000001     --HOLE-- [fill = 0]
                  0000aa66    00000013     device.obj (.const:.string)
                  0000aa79    00000001     --HOLE-- [fill = 0]
                  0000aa7a    00000002     asinhroni_motor.obj (.const)

.data      1    0000aa7c    00000022     UNINITIALIZED
                  0000aa7c    00000002     rts2800_fpu32_eabi.lib : _lock.c.obj (.data:_lock)
                  0000aa7e    00000002                            : _lock.c.obj (.data:_unlock)
                  0000aa80    00000012     asinhroni_motor.obj (.data)
                  0000aa92    00000006     device.obj (.data)
                  0000aa98    00000006     rts2800_fpu32_eabi.lib : exit.c.obj (.data)

.TI.ramfunc 
*          0    00000123    00000004     
                  00000123    00000004     driverlib_eabi.lib : sysctl.obj (.TI.ramfunc)

GETBUFFER 
*          0    0003f800    00000000     DSECT

GETWRITEIDX 
*          0    0003f800    00000000     DSECT

PUTREADIDX 
*          0    0003f800    00000000     DSECT

.text.1    0    00008000    00000800     
                  00008000    000003ff     device.obj (.text)
                  000083ff    00000088     rts2800_fpu32_eabi.lib : fs_div28.asm.obj (.text)
                  00008487    00000068     driverlib_eabi.lib : sysctl.obj (.text:SysCtl_getDeviceParametric)
                  000084ef    00000060                        : adc.obj (.text:ADC_setOffsetTrim)
                  0000854f    00000052                        : gpio.obj (.text:GPIO_setPadConfig)
                  000085a1    00000051                        : sysctl.obj (.text:SysCtl_getClock)
                  000085f2    00000048                        : sysctl.obj (.text:SysCtl_selectOscSource)
                  0000863a    0000003d                        : interrupt.obj (.text:Interrupt_initModule)
                  00008677    00000037                        : gpio.obj (.text:GPIO_setControllerCore)
                  000086ae    00000037                        : gpio.obj (.text:GPIO_setPinConfig)
                  000086e5    00000037                        : gpio.obj (.text:GPIO_setQualificationMode)
                  0000871c    00000037                        : interrupt.obj (.text:Interrupt_enable)
                  00008753    00000031                        : gpio.obj (.text:GPIO_setDirectionMode)
                  00008784    0000002f                        : adc.obj (.text:ADC_setMode)
                  000087b3    0000002e     rts2800_fpu32_eabi.lib : copy_decompress_lzss.c.obj (.text:decompress:lzss)
                  000087e1    0000001f     driverlib_eabi.lib : sysctl.obj (.text:CPUTimer_getTimerOverflowStatus)

.text.2    0    00008800    0000022b     
                  00008800    0000002b     rts2800_fpu32_eabi.lib : autoinit.c.obj (.text:__TI_auto_init_nobinit_nopinit)
                  0000882b    00000029                            : exit.c.obj (.text)
                  00008854    00000028     driverlib_eabi.lib : sysctl.obj (.text:CPUTimer_selectClockSource)
                  0000887c    0000001e                        : interrupt.obj (.text:Interrupt_initVectorTable)
                  0000889a    0000001d     rts2800_fpu32_eabi.lib : memcpy.c.obj (.text)
                  000088b7    0000001b     driverlib_eabi.lib : adc.obj (.text:ADC_isBaseValid)
                  000088d2    0000001a                        : sysctl.obj (.text:CPUTimer_startTimer)
                  000088ec    0000001a                        : sysctl.obj (.text:SysCtl_getLowSpeedClock)
                  00008906    00000017                        : sysctl.obj (.text:CPUTimer_isBaseValid)
                  0000891d    00000017     rts2800_fpu32_eabi.lib : boot28.asm.obj (.text)
                  00008934    00000016     driverlib_eabi.lib : interrupt.obj (.text:Interrupt_defaultHandler)
                  0000894a    00000014                        : sysctl.obj (.text:CPUTimer_stopTimer)
                  0000895e    00000012                        : sysctl.obj (.text:CPUTimer_clearOverflowFlag)
                  00008970    00000012                        : sysctl.obj (.text:CPUTimer_disableInterrupt)
                  00008982    00000011                        : sysctl.obj (.text:CPUTimer_setPeriod)
                  00008993    0000000f                        : sysctl.obj (.text:SysCtl_pollCpuTimer)
                  000089a2    0000000e                        : gpio.obj (.text:GPIO_isPinValid)
                  000089b0    0000000d                        : interrupt.obj (.text:Interrupt_disableGlobal)
                  000089bd    0000000d                        : interrupt.obj (.text:Interrupt_enableGlobal)
                  000089ca    0000000d     rts2800_fpu32_eabi.lib : copy_zero_init.c.obj (.text:decompress:ZI:__TI_zero_init_nomemset)
                  000089d7    0000000c                            : args_main.c.obj (.text)
                  000089e3    0000000b     driverlib_eabi.lib : sysctl.obj (.text:SysCtl_isMCDClockFailureDetected)
                  000089ee    0000000a                        : interrupt.obj (.text:Interrupt_illegalOperationHandler)
                  000089f8    0000000a                        : interrupt.obj (.text:Interrupt_nmiHandler)
                  00008a02    00000009                        : sysctl.obj (.text:SysCtl_serviceWatchdog)
                  00008a0b    00000009     rts2800_fpu32_eabi.lib : _lock.c.obj (.text)
                  00008a14    00000008     F2837xD_CodeStartBranch.obj (.text)
                  00008a1c    00000008     rts2800_fpu32_eabi.lib : copy_decompress_none.c.obj (.text:decompress:none)
                  00008a24    00000007     driverlib_eabi.lib : sysctl.obj (.text:SysCtl_resetMCD)

.text.3    0    0000b000    000007fe     
                  0000b000    00000405     asinhroni_motor.obj (.text)
                  0000b405    00000209     driverlib_eabi.lib : sysctl.obj (.text:SysCtl_setClock)
                  0000b60e    000000ee     asinhroni_motor.obj (.text:retain)
                  0000b6fc    00000090     driverlib_eabi.lib : sysctl.obj (.text:SysCtl_selectXTAL)
                  0000b78c    0000006f                        : adc.obj (.text:ADC_setINLTrim)
                  0000b7fb    00000002     rts2800_fpu32_eabi.lib : pre_init.c.obj (.text)
                  0000b7fd    00000001                            : startup.c.obj (.text)

MODULE SUMMARY

       Module                        code   ro data   rw data
       ------                        ----   -------   -------
    .\
       asinhroni_motor.obj           1267   139       26     
    +--+-----------------------------+------+---------+---------+
       Total:                        1267   139       26     
                                                             
    .\device\
       device.obj                    1023   19        6      
       F2837xD_CodeStartBranch.obj   10     0         0      
    +--+-----------------------------+------+---------+---------+
       Total:                        1033   19        6      
                                                             
    F:\ccs00004\C2000Ware_26_00_00_00\driverlib\f2837xd\driverlib\ccs\Debug\driverlib_eabi.lib
       sysctl.obj                    1187   194       0      
       gpio.obj                      310    188       0      
       adc.obj                       281    93        0      
       interrupt.obj                 214    0         0      
    +--+-----------------------------+------+---------+---------+
       Total:                        1992   475       0      
                                                             
    F:\ccs00004\ccs\tools\compiler\ti-cgt-c2000_22.6.3.LTS\lib\rts2800_fpu32_eabi.lib
       fs_div28.asm.obj              136    0         0      
       exit.c.obj                    41     0         6      
       copy_decompress_lzss.c.obj    46     0         0      
       autoinit.c.obj                43     0         0      
       memcpy.c.obj                  29     0         0      
       boot28.asm.obj                23     0         0      
       _lock.c.obj                   9      0         4      
       copy_zero_init.c.obj          13     0         0      
       args_main.c.obj               12     0         0      
       copy_decompress_none.c.obj    8      0         0      
       pre_init.c.obj                2      0         0      
       startup.c.obj                 1      0         0      
    +--+-----------------------------+------+---------+---------+
       Total:                        363    0         10     
                                                             
       Stack:                        0      0         256    
       Linker Generated:             0      32        0      
    +--+-----------------------------+------+---------+---------+
       Grand Total:                  4655   665       298    


LINKER GENERATED COPY TABLES

__TI_cinit_table @ 00000140 records: 2, size/record: 4, table size: 8
	.data: load addr=00000128, load size=0000000e bytes, run addr=0000aa7c, run size=00000022 bytes, compression=lzss
	.bss: load addr=0000013c, load size=00000004 bytes, run addr=0000aa9e, run size=00000008 bytes, compression=zero_init


LINKER GENERATED HANDLER TABLE

__TI_handler_table @ 00000136 records: 3, size/record: 2, table size: 6
	index: 0, handler: __TI_zero_init
	index: 1, handler: __TI_decompress_lzss
	index: 2, handler: __TI_decompress_none


GLOBAL DATA SYMBOLS: SORTED BY DATA PAGE

address     data page           name
--------    ----------------    ----
00000400      10 (00000400)     __stack

0000aa7a     2a9 (0000aa40)     Ts
0000aa7c     2a9 (0000aa40)     _lock
0000aa7e     2a9 (0000aa40)     _unlock

0000aa80     2aa (0000aa80)     adcTren
0000aa81     2aa (0000aa80)     adcRef
0000aa82     2aa (0000aa80)     dacOut
0000aa84     2aa (0000aa80)     adcTren_skal
0000aa86     2aa (0000aa80)     adcRef_skal
0000aa88     2aa (0000aa80)     adcTren_rpm
0000aa8a     2aa (0000aa80)     adcRef_rpm
0000aa8c     2aa (0000aa80)     Kp
0000aa8e     2aa (0000aa80)     Ki
0000aa90     2aa (0000aa80)     integral
0000aa92     2aa (0000aa80)     Example_Result
0000aa94     2aa (0000aa80)     Example_PassCount
0000aa96     2aa (0000aa80)     Example_Fail
0000aa98     2aa (0000aa80)     __TI_enable_exit_profile_output
0000aa9a     2aa (0000aa80)     __TI_cleanup_ptr
0000aa9c     2aa (0000aa80)     __TI_dtors_ptr
0000aa9e     2aa (0000aa80)     pwmOut
0000aaa0     2aa (0000aa80)     output
0000aaa2     2aa (0000aa80)     error
0000aaa4     2aa (0000aa80)     testOut


GLOBAL SYMBOLS: SORTED ALPHABETICALLY BY Name 

page  address   name                                     
----  -------   ----                                     
0     0000b78c  ADC_setINLTrim                           
0     00008784  ADC_setMode                              
0     000084ef  ADC_setOffsetTrim                        
0     0000882b  C$$EXIT                                  
0     00008273  Device_bootCPU2                          
0     00008242  Device_configureTMXAnalogTrim            
0     000080f0  Device_enableAllPeripherals              
0     0000822c  Device_enableUnbondedGPIOPullups         
0     0000820f  Device_enableUnbondedGPIOPullupsFor100Pin
0     000081fc  Device_enableUnbondedGPIOPullupsFor176Pin
0     000080ae  Device_init                              
0     000081db  Device_initGPIO                          
1     0000aa96  Example_Fail                             
1     0000aa94  Example_PassCount                        
1     0000aa92  Example_Result                           
0     000083fe  Example_done                             
0     000083f9  Example_setResultFail                    
0     000083f4  Example_setResultPass                    
0     00008677  GPIO_setControllerCore                   
0     00008753  GPIO_setDirectionMode                    
0     0000854f  GPIO_setPadConfig                        
0     000086ae  GPIO_setPinConfig                        
0     000086e5  GPIO_setQualificationMode                
0     00008934  Interrupt_defaultHandler                 
0     0000871c  Interrupt_enable                         
0     000089ee  Interrupt_illegalOperationHandler        
0     0000863a  Interrupt_initModule                     
0     0000887c  Interrupt_initVectorTable                
0     000089f8  Interrupt_nmiHandler                     
1     0000aa8e  Ki                                       
1     0000aa8c  Kp                                       
0     00000123  SysCtl_delay                             
0     000085a1  SysCtl_getClock                          
0     00008487  SysCtl_getDeviceParametric               
0     000088ec  SysCtl_getLowSpeedClock                  
0     000085f2  SysCtl_selectOscSource                   
0     0000b6fc  SysCtl_selectXTAL                        
0     0000b405  SysCtl_setClock                          
1     0000aa7a  Ts                                       
0     00000140  __TI_CINIT_Base                          
0     00000148  __TI_CINIT_Limit                         
0     00000148  __TI_CINIT_Warm                          
0     00000136  __TI_Handler_Table_Base                  
0     0000013c  __TI_Handler_Table_Limit                 
1     00000500  __TI_STACK_END                           
abs   00000100  __TI_STACK_SIZE                          
0     00008800  __TI_auto_init_nobinit_nopinit           
1     0000aa9a  __TI_cleanup_ptr                         
0     000087b3  __TI_decompress_lzss                     
0     00008a1c  __TI_decompress_none                     
1     0000aa9c  __TI_dtors_ptr                           
1     0000aa98  __TI_enable_exit_profile_output          
abs   ffffffff  __TI_pprof_out_hndl                      
abs   ffffffff  __TI_prof_data_size                      
abs   ffffffff  __TI_prof_data_start                     
0     000089ca  __TI_zero_init_nomemset                  
0     000083ff  __c28xabi_divf                           
n/a   UNDEFED   __c_args__                               
0     000083ed  __error__                                
1     00000400  __stack                                  
0     000089d7  _args_main                               
0     0000891d  _c_int00                                 
1     0000aa7c  _lock                                    
0     00008a13  _nop                                     
0     00008a0f  _register_lock                           
0     00008a0b  _register_unlock                         
0     0000b7fd  _system_post_cinit                       
0     0000b7fb  _system_pre_init                         
1     0000aa7e  _unlock                                  
0     0000882b  abort                                    
0     0000b60e  adcA1ISR                                 
1     0000aa81  adcRef                                   
1     0000aa8a  adcRef_rpm                               
1     0000aa86  adcRef_skal                              
1     0000aa80  adcTren                                  
1     0000aa88  adcTren_rpm                              
1     0000aa84  adcTren_skal                             
0     00000000  code_start                               
1     0000aa82  dacOut                                   
1     0000aaa2  error                                    
0     0000882d  exit                                     
0     0000b35d  initADC                                  
0     0000b3de  initADCSOC                               
0     0000b38b  initEPWM                                 
1     0000aa90  integral                                 
0     0000b32a  main                                     
0     0000889a  memcpy                                   
1     0000aaa0  output                                   
1     0000aa9e  pwmOut                                   
1     0000aaa4  testOut                                  


GLOBAL SYMBOLS: SORTED BY Symbol Address 

page  address   name                                     
----  -------   ----                                     
0     00000000  code_start                               
0     00000123  SysCtl_delay                             
0     00000136  __TI_Handler_Table_Base                  
0     0000013c  __TI_Handler_Table_Limit                 
0     00000140  __TI_CINIT_Base                          
0     00000148  __TI_CINIT_Limit                         
0     00000148  __TI_CINIT_Warm                          
0     000080ae  Device_init                              
0     000080f0  Device_enableAllPeripherals              
0     000081db  Device_initGPIO                          
0     000081fc  Device_enableUnbondedGPIOPullupsFor176Pin
0     0000820f  Device_enableUnbondedGPIOPullupsFor100Pin
0     0000822c  Device_enableUnbondedGPIOPullups         
0     00008242  Device_configureTMXAnalogTrim            
0     00008273  Device_bootCPU2                          
0     000083ed  __error__                                
0     000083f4  Example_setResultPass                    
0     000083f9  Example_setResultFail                    
0     000083fe  Example_done                             
0     000083ff  __c28xabi_divf                           
0     00008487  SysCtl_getDeviceParametric               
0     000084ef  ADC_setOffsetTrim                        
0     0000854f  GPIO_setPadConfig                        
0     000085a1  SysCtl_getClock                          
0     000085f2  SysCtl_selectOscSource                   
0     0000863a  Interrupt_initModule                     
0     00008677  GPIO_setControllerCore                   
0     000086ae  GPIO_setPinConfig                        
0     000086e5  GPIO_setQualificationMode                
0     0000871c  Interrupt_enable                         
0     00008753  GPIO_setDirectionMode                    
0     00008784  ADC_setMode                              
0     000087b3  __TI_decompress_lzss                     
0     00008800  __TI_auto_init_nobinit_nopinit           
0     0000882b  C$$EXIT                                  
0     0000882b  abort                                    
0     0000882d  exit                                     
0     0000887c  Interrupt_initVectorTable                
0     0000889a  memcpy                                   
0     000088ec  SysCtl_getLowSpeedClock                  
0     0000891d  _c_int00                                 
0     00008934  Interrupt_defaultHandler                 
0     000089ca  __TI_zero_init_nomemset                  
0     000089d7  _args_main                               
0     000089ee  Interrupt_illegalOperationHandler        
0     000089f8  Interrupt_nmiHandler                     
0     00008a0b  _register_unlock                         
0     00008a0f  _register_lock                           
0     00008a13  _nop                                     
0     00008a1c  __TI_decompress_none                     
0     0000b32a  main                                     
0     0000b35d  initADC                                  
0     0000b38b  initEPWM                                 
0     0000b3de  initADCSOC                               
0     0000b405  SysCtl_setClock                          
0     0000b60e  adcA1ISR                                 
0     0000b6fc  SysCtl_selectXTAL                        
0     0000b78c  ADC_setINLTrim                           
0     0000b7fb  _system_pre_init                         
0     0000b7fd  _system_post_cinit                       
1     00000400  __stack                                  
1     00000500  __TI_STACK_END                           
1     0000aa7a  Ts                                       
1     0000aa7c  _lock                                    
1     0000aa7e  _unlock                                  
1     0000aa80  adcTren                                  
1     0000aa81  adcRef                                   
1     0000aa82  dacOut                                   
1     0000aa84  adcTren_skal                             
1     0000aa86  adcRef_skal                              
1     0000aa88  adcTren_rpm                              
1     0000aa8a  adcRef_rpm                               
1     0000aa8c  Kp                                       
1     0000aa8e  Ki                                       
1     0000aa90  integral                                 
1     0000aa92  Example_Result                           
1     0000aa94  Example_PassCount                        
1     0000aa96  Example_Fail                             
1     0000aa98  __TI_enable_exit_profile_output          
1     0000aa9a  __TI_cleanup_ptr                         
1     0000aa9c  __TI_dtors_ptr                           
1     0000aa9e  pwmOut                                   
1     0000aaa0  output                                   
1     0000aaa2  error                                    
1     0000aaa4  testOut                                  
abs   00000100  __TI_STACK_SIZE                          
abs   ffffffff  __TI_pprof_out_hndl                      
abs   ffffffff  __TI_prof_data_size                      
abs   ffffffff  __TI_prof_data_start                     
n/a   UNDEFED   __c_args__                               

[90 symbols]
